// Jest Snapshot v1, https://goo.gl/fbAQLP

exports[`Confirmation Should render 1`] = `
<div
  className="form"
>
  <p
    className="form__label"
  >
    You are succesfully loged in.
  </p>
</div>
`;

exports[`Details Should render 1`] = `
<div
  className="processing"
>
  Processing
</div>
`;

exports[`Filter Should render 1`] = `
<select
  className="filter"
  name="filter"
  onChange={[Function]}
  value="All"
>
  <option
    value="All"
  >
    All
  </option>
  <option
    value="Action"
  >
    Action
  </option>
  <option
    value="Biography"
  >
    Biography
  </option>
  <option
    value="Fantasy"
  >
    Fantasy
  </option>
  <option
    value="History"
  >
    History
  </option>
  <option
    value="Horror"
  >
    Horror
  </option>
  <option
    value="Kids"
  >
    Kids
  </option>
  <option
    value="Learning"
  >
    Learning
  </option>
  <option
    value="Sci-Fi"
  >
    Sci-Fi
  </option>
</select>
`;

exports[`Login Should render 1`] = `
<form
  className="form"
  onSubmit={[Function]}
>
  <p
    className="form__label"
  >
    To access the site enter your name below:
  </p>
  <label
    htmlFor="username"
  >
    <input
      className="form__input"
      id="username"
      name="username"
      onChange={[Function]}
      placeholder="Enter name here..."
      type="text"
      value="user"
    />
  </label>
  <button
    className="form__button"
    name="button"
    type="submit"
  >
    Enter
  </button>
</form>
`;

exports[`Movie Should render 1`] = `
<a
  href="/movies/3"
  onClick={[Function]}
>
  <div
    className="movie"
  >
    <img
      alt="Movie Poster"
      className="movie__poster"
      src="https://m.media-amazon.com/images/M/MV5BMTUyNzk3MjA1OF5BMl5BanBnXkFtZTcwMTE1Njg2MQ@@._V1_.jpg"
    />
    <div
      className="movie__details"
    >
      <div
        className="movie__details__row"
      >
        <h3
          className="movie__details__row__title"
        >
          The Incredible Hulk
        </h3>
        <h3
          className="movie__details__row__year"
        >
          2008
        </h3>
      </div>
      <div
        className="movie__details__row"
      >
        <div
          className="movie__details__row__stars"
        >
          <i
            className="fas fa-star"
          />
          <i
            className="fas fa-star"
          />
          <i
            className="fas fa-star"
          />
          <i
            className="fas fa-star"
          />
          <i
            className="fas fa-star"
          />
        </div>
        <p
          className="movie__details__row__runtime"
        >
          112 min
        </p>
      </div>
    </div>
  </div>
</a>
`;

exports[`Movies Should render 1`] = `
<div
  className="processing"
>
  Processing
</div>
`;

exports[`Navbar Should render 1`] = `
<div
  className="navbar"
>
  <i
    className="fas fa-bars"
    onClick={[Function]}
    onKeyPress={[Function]}
    role="menu"
    tabIndex={0}
  />
  <h1
    className="title"
  >
    Movies
  </h1>
  <i
    className="fas fa-search"
    onClick={[Function]}
    onKeyPress={[Function]}
    role="menu"
    tabIndex={0}
  />
</div>
`;

exports[`Not Found Should render 1`] = `
<div
  className="NotFound"
  id="notFound"
/>
`;
